# git checkout  可以丢弃工作区的修改
# git status 查看一下 发现提示 
# (use "git checkout -- <file>..." to discard changes in working directory)
git status
# On branch master
# Changed but not updated:
#   (use "git add <file>..." to update what will be committed)
#   (use "git checkout -- <file>..." to discard changes in working directory)
#
#       modified:   README.md
#
no changes added to commit (use "git add" and/or "git commit -a")

#将README.md文件在工作区的修改全部撤销
#README.md 文件回到最近一次 git commit 或 git add时的状态
git checkout -- README.md 


[root@aliyun TEST]# echo "exersice to understand git checkout" >> README.md 
[root@aliyun TEST]# cat README.md 
# TEST
add one
add two

git commit exercise
Git is a distributed version control system.
Git is free software distributed under the GPL.
Git is free software distributed under the GPL.
Git tracks changes of files.
exersice to understand git checkout
[root@aliyun TEST]# git status
# On branch master
# Changed but not updated:
#   (use "git add <file>..." to update what will be committed)
#   (use "git checkout -- <file>..." to discard changes in working directory)
#
#       modified:   README.md
#
# Untracked files:
#   (use "git add <file>..." to include in what will be committed)
#
#       gitlearning/git_checkout
no changes added to commit (use "git add" and/or "git commit -a")
[root@aliyun TEST]# 
[root@aliyun TEST]# git checkout -- README.md 
[root@aliyun TEST]# cat README.md 
# TEST
add one
add two

git commit exercise
Git is a distributed version control system.
Git is free software distributed under the GPL.
Git is free software distributed under the GPL.
Git tracks changes of files.

#工作场景
1. 当改乱了工作区某个文件的内容，想直接丢弃工作区修改时
使用 git checkout -- file
2. 当不但改乱了工作区某个文件内容，还add至暂存区时，想丢弃修改时。
分两步： 先撤销暂存区修改文件 
git reset HEAD file
再更新工作区 
git checkout --file



example 2：

[root@aliyun TEST]#  echo "exersice to understand git checkout" >> README.md 
[root@aliyun TEST]# cat README.md 
# TEST
add one
add two

git commit exercise
Git is a distributed version control system.
Git is free software distributed under the GPL.
Git is free software distributed under the GPL.
Git tracks changes of files.
exersice to understand git checkout
[root@aliyun TEST]# git add README.md 
[root@aliyun TEST]#  git status
# On branch master
# Changes to be committed:
#   (use "git reset HEAD <file>..." to unstage)
#
#       modified:   README.md
#       new file:   gitlearning/git_checkout
#
# Changed but not updated:
#   (use "git add <file>..." to update what will be committed)
#   (use "git checkout -- <file>..." to discard changes in working directory)
#
#       modified:   gitlearning/git_checkout
#
[root@aliyun TEST]#  git reset HEAD README.md 
Unstaged changes after reset:
M       README.md
M       gitlearning/git_checkout
[root@aliyun TEST]# cat README.md 
# TEST
add one
add two

git commit exercise
Git is a distributed version control system.
Git is free software distributed under the GPL.
Git is free software distributed under the GPL.
Git tracks changes of files.
exersice to understand git checkout
[root@aliyun TEST]# git checkout -- README.md 
[root@aliyun TEST]# cat README.md 
# TEST
add one
add two

git commit exercise
Git is a distributed version control system.
Git is free software distributed under the GPL.
Git is free software distributed under the GPL.
Git tracks changes of files.
